species	change	p_value	SE	Treatment
Klebsiella pneumoniae	0.26003960177808993	7.891182117823673e-06	0.05634665716406444	TC
Klebsiella oxytoca	-0.059401297475553866	0.37410404313489254	0.0638483548838832	TC
Klebsiella michiganensis	0.138209913494237	0.006209818790922378	0.01999908363938087	TC
Klebsiella quasipneumoniae	0.47792211724101913	0.003132115396927151	0.026810077532347543	TC
Citrobacter freundii	0.03813330504977311	0.05492279329829645	0.016573620265633193	TC
Staphylococcus epidermidis	-0.07205524725152036	0.12429265486579143	0.04294338829961236	Vanc+Gent
Enterobacter cloacae	-0.002006694341264064	0.9268648579288961	0.02165862766498722	Vanc+Gent
Enterococcus faecalis	-0.04160612149822345	0.05503621540565319	0.021081891405232565	Vanc+Gent
Enterobacter hormaechei	0.046411189747333145	0.04437211547064732	0.021632035130464883	Vanc+Gent
Enterobacter sp. DKU_NT_01	-0.15099765930823472	0.1334189806107203	0.03211677608370933	Vanc+Gent
Klebsiella aerogenes	0.15535091157586756	0.7139897917957113	0.36803191652516587	Vanc+Gent
Klebsiella pneumoniae	-0.026649081025288422	0.025937602403871437	0.011936498546257468	Vanc+Gent
Klebsiella variicola	-0.21869853851476265	0.0015511111596898152	0.039947283990463676	Vanc+Gent
Escherichia coli	-0.014257834852190608	0.7339197708318422	0.04180606864229291	Vanc+Gent
Bifidobacterium breve	-0.06127905779643324	0.01934917362581856	0.023570798364994476	Vanc+Gent
Bifidobacterium longum	0.14126872685412392	0.0005546132790426208	0.025551444495967413	Vanc+Gent
Klebsiella michiganensis	-0.07033558128917565	0.5426538593302852	0.11195188834795504	Vanc+Gent
Klebsiella oxytoca	-0.041502217714094056	0.5091632283691336	0.061845170637043013	Vanc+Gent
Klebsiella quasipneumoniae	-0.1071982418652841	0.6744474008892407	0.23118949524774657	Vanc+Gent
Pluralibacter gergoviae	-0.06198543862323813	0.41503820160851385	0.047311677479416	Vanc+Gent
Shigella dysenteriae	-0.21273986834233627	0.14188698038700553	0.04821551562536607	Vanc+Gent
Stenotrophomonas maltophilia	-0.20458456802115485	0.1825344979633642	0.1401691727448879	Vanc+Gent
Klebsiella pneumoniae	-0.12920241904371932	0.00021312709829245468	0.033626556555845455	Vanc+TC
Klebsiella quasipneumoniae	-0.1160829325962845	0.03283975618579886	0.030854781433889946	Vanc+TC
Enterococcus faecalis	-0.15040344076105847	4.977267786440006e-07	0.019235630234309804	Mero
Enterococcus faecalis	0.22354591154914194	3.8019810358766726e-05	0.01639261379818808	Vanc+Mero
Pseudomonas aeruginosa	-0.06633784848736397	0.6663841655265879	0.1524959425348978	Vanc+Mero
Serratia marcescens	0.1673368733097024	0.000285977554540668	0.03816014821242958	TC+Gent
Pseudomonas aeruginosa	-0.0027211366723690965	0.9643843979482294	0.060397807588900336	TC+Gent
Enterobacter cloacae	2.309463045893025	3.953208603289328e-05	0.31061004713798646	Amp+Mero
Enterococcus faecalis	-0.01133679500974516	0.6374919327738389	0.02360194885875668	Amp+Mero
Enterobacter hormaechei	3.218983403549701	7.130953824156573e-05	0.38724649248083276	Amp+Mero
Enterococcus faecalis	-0.05933555949437262	0.14835234490038182	0.037093739514123744	Amp
Klebsiella aerogenes	-0.21819078961263827	0.24191834331399034	0.0871493016728977	Amp
Klebsiella pneumoniae	-0.30321386330813027	1.1609397277638164e-16	0.032530727393413866	Amp
Klebsiella oxytoca	0.19711640909807415	0.043687634792177105	0.013548264941956267	Amp
Escherichia coli	-0.23498498954077987	0.0013526495400122238	0.07106454957191542	Amp
Serratia marcescens	0.041277128412870887	0.4085804572617986	0.04871413691598549	Amp
Proteus mirabilis	0.063038352314599	0.1036824411667414	0.03621717830136512	Amp
Klebsiella pneumoniae	0.01237577531461963	0.9135398246651394	0.11345127075764772	Gent+TC
Klebsiella quasipneumoniae	0.041655134880337674	0.828815021722493	0.15115950494615413	Gent+TC
Enterococcus faecalis	0.05694431848537823	0.0982976890527454	0.029872362370152276	Vanc+Cefot
Klebsiella pneumoniae	1.0666987683803917	0.0008262195024490278	0.17263336945861346	Vanc+Cefot
Escherichia coli	-0.03074229229753378	0.9266001537234647	0.2654549564277064	Cefot
